tests/cargo-zng-res-tests/copy/source/a
  target/tmp/tests/cargo_zng/copy/a
tests/cargo-zng-res-tests/copy/source/a/relative.txt.zr-copy
  target/tmp/tests/cargo_zng/copy/a/relative.txt
tests/cargo-zng-res-tests/copy/source/a/workspace.txt.zr-copy
  target/tmp/tests/cargo_zng/copy/a/workspace.txt
tests/cargo-zng-res-tests/copy/source/relative.txt.zr-copy
  target/tmp/tests/cargo_zng/copy/relative.txt
tests/cargo-zng-res-tests/copy/source/workspace.txt.zr-copy
  target/tmp/tests/cargo_zng/copy/workspace.txt
