cargo-zng-res-tests\statics-pack\source\a.txt
   ../target/tmp/tests/cargo_zng\a.txt
cargo-zng-res-tests\statics-pack\source\b.txt
   ../target/tmp/tests/cargo_zng\b.txt
cargo-zng-res-tests\statics-pack\source\fa
   ../target/tmp/tests/cargo_zng\fa
cargo-zng-res-tests\statics-pack\source\fa\fa-a.txt
   ../target/tmp/tests/cargo_zng\fa\fa-a.txt
cargo-zng-res-tests\statics-pack\source\fb
   ../target/tmp/tests/cargo_zng\fb
cargo-zng-res-tests\statics-pack\source\fb\fb-a.txt
   ../target/tmp/tests/cargo_zng\fb\fb-a.txt
cargo-zng-res-tests\statics-pack\source\fb\fb-b.txt
   ../target/tmp/tests/cargo_zng\fb\fb-b.txt
cargo-zng-res-tests\statics-pack\source\fb\fb-fa
   ../target/tmp/tests/cargo_zng\fb\fb-fa
cargo-zng-res-tests\statics-pack\source\fb\fb-fa\fb-fa-a.txt
   ../target/tmp/tests/cargo_zng\fb\fb-fa\fb-fa-a.txt
[32m[1mFinished[39m[22m res build in 8.8564ms
         ../target/tmp/tests/cargo_zng
