tests/cargo-zng-res-tests/statics-pack/source/a.txt
  [2mtarget/tmp/tests/zng_res/statics-pack/a.txt[22m
tests/cargo-zng-res-tests/statics-pack/source/b.txt
  [2mtarget/tmp/tests/zng_res/statics-pack/b.txt[22m
tests/cargo-zng-res-tests/statics-pack/source/fa
  [2mtarget/tmp/tests/zng_res/statics-pack/fa[22m
tests/cargo-zng-res-tests/statics-pack/source/fa/fa-a.txt
  [2mtarget/tmp/tests/zng_res/statics-pack/fa/fa-a.txt[22m
tests/cargo-zng-res-tests/statics-pack/source/fb
  [2mtarget/tmp/tests/zng_res/statics-pack/fb[22m
tests/cargo-zng-res-tests/statics-pack/source/fb/fb-a.txt
  [2mtarget/tmp/tests/zng_res/statics-pack/fb/fb-a.txt[22m
tests/cargo-zng-res-tests/statics-pack/source/fb/fb-b.txt
  [2mtarget/tmp/tests/zng_res/statics-pack/fb/fb-b.txt[22m
tests/cargo-zng-res-tests/statics-pack/source/fb/fb-fa
  [2mtarget/tmp/tests/zng_res/statics-pack/fb/fb-fa[22m
tests/cargo-zng-res-tests/statics-pack/source/fb/fb-fa/fb-fa-a.txt
  [2mtarget/tmp/tests/zng_res/statics-pack/fb/fb-fa/fb-fa-a.txt[22m
