  error message
  [31m[1merror[39m:[22m script failed, exit code 1
   command failed, exit code 102
[31m[1merror[39m:[22m res build failed
