tests/cargo-zng-res-tests/bash-error/source/fail.zr-sh
[2m[0m
