  /tmp/cargo-zng-new-tests/post/target/the-app.zng_template.tmp/.zng-template/post-temp/post.sh
