tests/cargo-zng-res-tests/custom/source/hello-tool-crate.txt.zr-tool-crate
[2m  tool-crate print!
[0mtests/cargo-zng-res-tests/custom/source/hello-tool1.txt.zr-tool1
[2m  tool1 print!
[0mtests/cargo-zng-res-tests/custom/source/hello-tool2.txt.zr-tool2
[2m  tool2 print!
