  the-app/the-app.md
  the-app/the_app
  the-app/the_app/THE-ORG.txt
