cargo-zng-res-tests\statics\source\fa
   ../target/tmp/tests/cargo_zng\fa
cargo-zng-res-tests\statics\source\fb
   ../target/tmp/tests/cargo_zng\fb
cargo-zng-res-tests\statics\source\fb\fb-fa
   ../target/tmp/tests/cargo_zng\fb\fb-fa
[32m[1mFinished[39m[22m res build in 3.9984ms
         ../target/tmp/tests/cargo_zng
