error: hot node input can only have a simple ident
 --> cases/hot_node/invalid_input_pattern.rs:6:45
  |
6 | pub fn invalid_destruct(child: impl UiNode, (a, b): (bool, u8)) -> impl UiNode {
  |                                             ^^^^^^
