[33m[1mwarning[39m:[22m Hey cargo-zng-res-tests!
