  the-app/The App.md
  the-app/The App
  the-app/The App/ok
